    Checking cm v0.2.8 (/home/somovas/Проекты/upd)
warning: unused variable: `old_axes`
   --> src/profiles/model.rs:927:29
    |
927 |                         let old_axes = session_axes(old, &session.id);
    |                             ^^^^^^^^ help: if this is intentional, prefix it with an underscore: `_old_axes`
    |
    = note: `#[warn(unused_variables)]` (part of `#[warn(unused)]`) on by default

warning: `cm` (lib) generated 1 warning (run `cargo fix --lib -p cm` to apply 1 suggestion)
error[E0277]: the trait bound `Array<u8, UInt<UInt<UInt<UInt<..., ...>, ...>, ...>, ...>>: LowerHex` is not satisfied
 --> tests/audit_i02_profiles.rs:6:53
  |
6 | fn digest(value: &[u8]) -> String { format!("{:x}", Sha256::digest(value)) }
  |                                              ----   ^^^^^^^^^^^^^^^^^^^^^ the trait `LowerHex` is not implemented for `Array<u8, UInt<UInt<UInt<UInt<UInt<..., ...>, ...>, ...>, ...>, ...>>`
  |                                              |
  |                                              required by this formatting parameter
  |
  = help: the following other types implement trait `LowerHex`:
            &T
            &mut T
            Saturating<T>
            Wrapping<T>
            compiler_builtins::math::libm_math::support::big::i256
            compiler_builtins::math::libm_math::support::big::u256
            compiler_builtins::math::libm_math::support::hex_float::hex_fmt::Hex<T>
            i128
          and 12 others
  = note: the full name for the type has been written to '/home/somovas/Проекты/upd/target/x86_64-unknown-linux-musl/debug/deps/audit_i02_profiles-d9dee1842b829628.long-type-5680027802322258222.txt'
  = note: consider using `--verbose` to print the full type name to the console

For more information about this error, try `rustc --explain E0277`.
error: could not compile `cm` (test "audit_i02_profiles") due to 1 previous error
warning: build failed, waiting for other jobs to finish...
warning: `cm` (lib test) generated 1 warning (1 duplicate)
